Pulling 15 paired markets

[kalshi 1/15] POL-1 PRES-2024-DJT
    trades: 287494 (historical 287494, live 0)
    candles: 43561
[kalshi 2/15] POL-2 PRES-2024-KH
    trades: 213961 (historical 213961, live 0)
    candles: 30599
[kalshi 3/15] POL-3 PRESPARTYPA-24-R
    trades: 25552 (historical 25552, live 0)
    candles: 12118
[kalshi 4/15] POL-4 PRES-2024-RFK
    trades: 342 (historical 342, live 0)
    candles: 264
[kalshi 5/15] POL-5 PRESPARTYWY-24-R
    trades: 77 (historical 77, live 0)
    candles: 223
[kalshi 6/15] ECO-1 KXFED-26MAR-T3.75
    trades: 1610 (historical 1610, live 0)
    candles: 11641
[kalshi 7/15] ECO-2 KXFED-26APR-T3.75
    trades: 4902 (historical 4902, live 0)
    candles: 20686
[kalshi 8/15] ECO-3 KXFED-26JUN-T3.75
    trades: 4655 (historical 4655, live 0)
    candles: 34233
[kalshi 9/15] ECO-4 KXFED-26JUL-T3.75
    trades: 4457 (historical 4457, live 0)
    candles: 40891
[kalshi 10/15] ECO-5 KXFED-26SEP-T3.75
    trades: 6237 (historical 1022, live 5215)
    candles: 50778
[kalshi 11/15] SPO-1 KXMENWORLDCUP-26-AR
    trades: 1492510 (historical 1492510, live 0)
    candles: 94533
[kalshi 12/15] SPO-2 KXSB-26-NE
